error: Multiple `visibility` attributes are not supported on a variant
 --> $DIR/duplication-multiple-attributes.rs:6:30
  |
6 |     #[snafu(visibility(pub), visibility(pub))]
  |                              ^^^^^^^^^^^^^^^
