error: Multiple `source` attributes are not supported within a variant
  --> $DIR/duplication-source-attributes.rs:10:18
   |
10 |          #[snafu(source)]
   |                  ^^^^^^
