error: Multiple `source(from)` attributes are not supported on an error struct
 --> $DIR/duplication-struct.rs:8:9
  |
8 | #[snafu(source(from(UsableError, Box::new)))]
  |         ^^^^^^^^^^^^^^^^^^^^^^^^^^^^^^^^^^^
