error: Multiple `source` attributes are not supported on a field
 --> $DIR/duplication-source-field.rs:8:18
  |
8 |          #[snafu(source)]
  |                  ^^^^^^
